Waiting for MCU, please cycle power: <- Packet data: 00
<- Packet data: 46 B9 68 00 3A 00 0A 6B 0A 6B 0A 6B 0A 6B 0A 6B 0A 6B 0A 6B 0A 6B 66 43 FD F0 02 82 EF F6 AE F2 EE F1 CA CD 72 13 F2 DF 7E 8C ED F6 EE E7 EE FB 6A C4 9D 57 DF 7F DE FD EE 04 AD 16
done
Target model:
  Name: STC89C52RC/LE52RC
  Magic: F002
  Code flash: 8.0 KB
  EEPROM flash: 6.0 KB
Target frequency: 10.973 MHz
Target BSL version: 6.6C
Target options:
  cpu_6t_enabled=False
  bsl_pindetect_enabled=False
  eeprom_erase_enabled=False
  clock_gain=high
  ale_enabled=True
  xram_enabled=True
  watchdog_por_enabled=False
Loading flash: 608 bytes (Intel HEX)
Switching to 115200 baud: checking -> Packet data: 46 B9 6A 00 0C 8F FF FD 00 06 A0 81 28 16
<- Packet data: 46 B9 68 00 0C 8F FF FD 00 06 A0 81 26 16
setting -> Packet data: 46 B9 6A 00 0B 8E FF FD 00 06 A0 A5 16
<- Packet data: 46 B9 68 00 0B 8E FF FD 00 06 A0 A3 16
testing -> Packet data: 46 B9 6A 00 0C 80 00 00 36 01 F0 02 1F 16
<- Packet data: 46 B9 68 00 06 80 EE 16
-> Packet data: 46 B9 6A 00 0C 80 00 00 36 01 F0 02 1F 16
<- Packet data: 46 B9 68 00 06 80 EE 16
-> Packet data: 46 B9 6A 00 0C 80 00 00 36 01 F0 02 1F 16
<- Packet data: 46 B9 68 00 06 80 EE 16
-> Packet data: 46 B9 6A 00 0C 80 00 00 36 01 F0 02 1F 16
<- Packet data: 46 B9 68 00 06 80 EE 16
done
Erasing 4 blocks: -> Packet data: 46 B9 6A 00 0D 84 04 33 33 33 33 33 33 31 16
<- Packet data: 46 B9 68 00 0D 80 F0 02 C4 2B 01 83 74 CE 16
-> Packet data: 46 B9 6A 00 8C 00 00 00 00 00 00 80 02 00 4C 00 00 00 00 00 00 00 E2 FB EA F2 80 2C 00 00 E0 FB EA F0 80 24 E6 B5 02 02 EB F6 22 00 E2 B5 02 02 EB F2 22 00 E0 B5 02 02 EB F0 22 30 F6 E0 A8 82 20 F5 D3 EA C6 F5 82 22 8B 82 22 30 F6 E6 A8 82 20 F5 D9 80 CF 02 01 5B 75 81 0E 12 02 46 E5 82 60 03 02 00 49 79 00 E9 44 00 60 1B 7A 00 90 02 60 78 01 75 A0 00 E4 93 F2 A3 08 B8 00 02 05 A0 D9 F4 DA F2 75 A0 FF E4 78 FF F6 D8 8C 16
<- Packet data: 46 B9 68 00 07 80 16 05 16
done
Writing flash:   0%|          | 0/1024 [00:00<?, ? Bytes/s]-> Packet data: 46 B9 6A 00 8C 00 00 00 00 80 00 80 FD 78 00 E8 44 00 60 0A 79 01 75 A0 00 E4 F3 09 D8 FC 78 00 E8 44 00 60 0C 79 00 90 00 01 E4 F0 A3 D8 FC D9 FA 02 00 49 AF 82 E5 89 54 F0 44 01 F5 89 8F 06 1F EE 60 11 75 8C 4C 75 8A 00 C2 8D D2 8C 30 8D FD C2 8C 80 E9 22 85 82 99 10 99 02 80 FB 22 AD 82 AE 83 AF F0 8D 82 8E 83 8F F0 12 02 2A FC 60 18 8C 82 0D BD 00 01 0E C0 07 C0 06 C0 05 12 00 CA D0 05 D0 06 D0 07 80 DC 22 AE 82 89 16
<- Packet data: 46 B9 68 00 07 80 93 82 16
-> Packet data: 46 B9 6A 00 8C 00 00 00 01 00 00 80 AF 83 7D 00 ED 24 08 F9 0D 75 0D 0A 75 0E 00 8E 82 8F 83 C0 07 C0 06 C0 05 C0 01 12 01 DD AB 82 D0 01 D0 05 D0 06 D0 07 74 30 2B F7 75 0D 0A 75 0E 00 8E 82 8F 83 C0 05 12 01 B4 AE 82 AF 83 D0 05 EE 4F 70 BF 8D 07 EF 60 10 1F EF 24 08 F9 87 82 C0 07 12 00 CA D0 07 80 ED 22 75 98 50 E5 89 54 0F 44 20 F5 89 75 8D FD 75 8B FD D2 8E 7E 00 7F 00 75 90 00 90 02 4A 75 F0 80 C0 07 C0 06 12 25 16
<- Packet data: 46 B9 68 00 07 80 AE 9D 16
Writing flash:  38%|███▊      | 384/1024 [00:00<00:00, 3343.28 Bytes/s]-> Packet data: 46 B9 6A 00 8C 00 00 00 01 80 00 80 00 D3 D0 06 D0 07 8E 82 8F 83 0E BE 00 01 0F C0 07 C0 06 12 00 FE 90 02 5D 75 F0 80 12 00 D3 75 82 0A 12 00 A8 75 90 FF 75 82 0A 12 00 A8 D0 06 D0 07 80 BE 7A 10 E4 FB FC E5 82 25 E0 F5 82 E5 83 33 F5 83 EB 33 FB EC 33 FC EB 95 0D F5 F0 EC 95 0E 40 06 FC AB F0 43 82 01 DA DD 22 E5 0D 45 0E 60 46 7A 01 E5 0D 25 E0 F5 0D E5 0E 33 40 12 F5 0E E5 82 95 0D E5 83 95 0E 40 03 0A 80 E6 C3 A0 16
<- Packet data: 46 B9 68 00 07 80 A9 98 16
-> Packet data: 46 B9 6A 00 8C 00 00 00 02 00 00 80 E5 0E 13 F5 0E E5 0D 13 F5 0D C3 E5 82 95 0D F5 F0 E5 83 95 0E 40 05 F5 83 85 F0 82 C3 E5 0E 13 F5 0E E5 0D 13 F5 0D DA E1 22 20 F7 14 30 F6 14 88 83 A8 82 20 F5 07 E6 A8 83 75 83 00 22 E2 80 F7 E4 93 22 E0 22 75 82 00 22 53 54 43 38 39 43 35 32 52 43 20 68 65 6C 6C 6F 20 23 00 0D 0A 00 FF FF FF FF FF FF FF FF FF FF FF FF FF FF FF FF FF FF FF FF FF FF FF FF FF FF FF FF FF FF FF FF 9E 16
<- Packet data: 46 B9 68 00 07 80 26 15 16
-> Packet data: 46 B9 6A 00 8C 00 00 00 02 80 00 80 FF FF FF FF FF FF FF FF FF FF FF FF FF FF FF FF FF FF FF FF FF FF FF FF FF FF FF FF FF FF FF FF FF FF FF FF FF FF FF FF FF FF FF FF FF FF FF FF FF FF FF FF FF FF FF FF FF FF FF FF FF FF FF FF FF FF FF FF FF FF FF FF FF FF FF FF FF FF FF FF FF FF FF FF FF FF FF FF FF FF FF FF FF FF FF FF FF FF FF FF FF FF FF FF FF FF FF FF FF FF FF FF FF FF FF FF FF FF FF FF FF FF FF FF FF FF FF FF 78 16
<- Packet data: 46 B9 68 00 07 80 80 6F 16
Writing flash:  75%|███████▌  | 768/1024 [00:00<00:00, 3016.36 Bytes/s]-> Packet data: 46 B9 6A 00 8C 00 00 00 03 00 00 80 FF FF FF FF FF FF FF FF FF FF FF FF FF FF FF FF FF FF FF FF FF FF FF FF FF FF FF FF FF FF FF FF FF FF FF FF FF FF FF FF FF FF FF FF FF FF FF FF FF FF FF FF FF FF FF FF FF FF FF FF FF FF FF FF FF FF FF FF FF FF FF FF FF FF FF FF FF FF FF FF FF FF FF FF FF FF FF FF FF FF FF FF FF FF FF FF FF FF FF FF FF FF FF FF FF FF FF FF FF FF FF FF FF FF FF FF FF FF FF FF FF FF FF FF FF FF FF FF F9 16
<- Packet data: 46 B9 68 00 07 80 80 6F 16
-> Packet data: 46 B9 6A 00 8C 00 00 00 03 80 00 80 FF FF FF FF FF FF FF FF FF FF FF FF FF FF FF FF FF FF FF FF FF FF FF FF FF FF FF FF FF FF FF FF FF FF FF FF FF FF FF FF FF FF FF FF FF FF FF FF FF FF FF FF FF FF FF FF FF FF FF FF FF FF FF FF FF FF FF FF FF FF FF FF FF FF FF FF FF FF FF FF FF FF FF FF FF FF FF FF FF FF FF FF FF FF FF FF FF FF FF FF FF FF FF FF FF FF FF FF FF FF FF FF FF FF FF FF FF FF FF FF FF FF FF FF FF FF FF FF 79 16
<- Packet data: 46 B9 68 00 07 80 80 6F 16
Writing flash: 1152 Bytes [00:00, 3741.46 Bytes/s]                     
Setting options: -> Packet data: 46 B9 6A 00 0A 8D FD FF FF FF FB 16
<- Packet data: 46 B9 68 00 0A 8D FD FF FF FF F9 16
-> Packet data: 46 B9 6A 00 06 82 F2 16
done
Disconnected!
