Waiting for MCU, please cycle power: <- Packet data: A0
<- Packet data: B3
<- Packet data: E1
<- Packet data: 4D
<- Packet data: 54
<- Packet data: A0
<- Packet data: B3
<- Packet data: E1
<- Packet data: 25
<- Packet data: 56
<- Packet data: A0
<- Packet data: B3
<- Packet data: 91
<- Packet data: 25
<- Packet data: 56
<- Packet data: A0
<- Packet data: B3
<- Packet data: E1
<- Packet data: 25
<- Packet data: 54
<- Packet data: 60
<- Packet data: B3
<- Packet data: E1
<- Packet data: 25
<- Packet data: 54
<- Packet data: A0
<- Packet data: 33
<- Packet data: E1
<- Packet data: 25
<- Packet data: D5
<- Packet data: A0
<- Packet data: B3
<- Packet data: E1
<- Packet data: 25
<- Packet data: D0
<- Packet data: A0
<- Packet data: B3
<- Packet data: E1
<- Packet data: 25
<- Packet data: FC
<- Packet data: A0
<- Packet data: B3
<- Packet data: E1
<- Packet data: 4F
<- Packet data: FC
<- Packet data: 60
<- Packet data: B3
<- Packet data: E1
<- Packet data: 25
<- Packet data: D5
<- Packet data: A0
<- Packet data: B3
<- Packet data: E1
<- Packet data: 45
<- Packet data: FC
<- Packet data: A0
<- Packet data: 73
<- Packet data: E1
<- Packet data: 25
<- Packet data: FC
<- Packet data: A0
<- Packet data: B3
<- Packet data: E1
<- Packet data: 25
<- Packet data: D5
<- Packet data: A0
<- Packet data: B3
<- Packet data: 94
<- Packet data: 25
<- Packet data: FC
<- Packet data: A0
<- Packet data: B3
<- Packet data: 95
<- Packet data: 25
<- Packet data: D5
<- Packet data: A0
<- Packet data: 43
<- Packet data: E1
<- Packet data: 25
<- Packet data: D0
<- Packet data: A0
<- Packet data: B3
<- Packet data: E1
<- Packet data: 25
<- Packet data: FC
<- Packet data: A0
<- Packet data: 43
<- Packet data: E1
<- Packet data: 25
<- Packet data: FC
<- Packet data: 60
<- Packet data: B3
<- Packet data: E1
<- Packet data: 25
<- Packet data: C5
<- Packet data: A0
<- Packet data: B3
<- Packet data: E1
<- Packet data: 25
<- Packet data: FC
<- Packet data: A0
<- Packet data: B3
<- Packet data: E1
<- Packet data: 45
<- Packet data: FC
<- Packet data: A0
<- Packet data: B3
<- Packet data: E1
<- Packet data: 25
<- Packet data: FC
<- Packet data: A0
<- Packet data: B3
<- Packet data: E1
<- Packet data: 25
<- Packet data: D5
<- Packet data: 20
<- Packet data: B3
<- Packet data: E1
<- Packet data: 25
<- Packet data: FC
<- Packet data: A0
<- Packet data: 43
<- Packet data: E1
<- Packet data: 25
<- Packet data: 81
<- Packet data: A0
<- Packet data: B3
<- Packet data: E1
<- Packet data: 25
<- Packet data: 81
<- Packet data: A0
<- Packet data: 33
<- Packet data: E1
<- Packet data: 25
<- Packet data: 81
<- Packet data: A0
<- Packet data: 44
<- Packet data: E1
<- Packet data: 25
<- Packet data: 81
<- Packet data: A0
<- Packet data: B3
<- Packet data: E1
<- Packet data: 4D
<- Packet data: 81
<- Packet data: A0
<- Packet data: B3
<- Packet data: E1
<- Packet data: 65
<- Packet data: 81
<- Packet data: A0
<- Packet data: B3
